[
  {
    "payload": null,
    "type": "connection_ack"
  },
  {
    "id": "subscribe-1",
    "payload": 1,
    "type": "next"
  },
  {
    "id": "subscribe-1",
    "payload": [
      {
        "message": "Boom!",
        "extensions": {
          "classification": "DataFetchingException"
        }
      }
    ],
    "type": "error"
  }
]