[
  {
    "payload": null,
    "type": "connection_ack"
  },
  {
    "id": "subscribe-1",
    "payload": 1,
    "type": "next"
  },
  {
    "id": "subscribe-1",
    "payload": 2,
    "type": "next"
  },
  {
    "id": "subscribe-1",
    "payload": 3,
    "type": "next"
  },
  {
    "id": "subscribe-1",
    "type": "complete"
  },
  {
    "id": "subscribe-2",
    "payload": 1,
    "type": "next"
  },
  {
    "id": "subscribe-2",
    "payload": 2,
    "type": "next"
  },
  {
    "id": "subscribe-2",
    "payload": 3,
    "type": "next"
  },
  {
    "id": "subscribe-2",
    "type": "complete"
  }
]